=== PAYROLL CALCULATION TEST ===

Input:
- Basic Salary: RF 500,000
- Transport: RF 50,000
- Housing: RF 100,000
- Performance: RF 50,000

Expected Results:
- Gross Salary: RF 700,000
- Exempted Salary: RF 60,000
- Taxable Income: RF 640,000
- PAYE Tax: RF 236,000
- RSSB Pension (6%): RF 42,000
- RSSB Maternity (0.3%): RF 1,500
- RAMA (7.5%): RF 37,500
- NET before CBHI: RF 383,000
- CBHI (0.5%): RF 1,915
- NET Salary: RF 381,085
- Employer Contributions: RF 91,000
- Total Cost of Employment: RF 791,000

Actual Results:
- Gross Salary: RF 700,000
- Exempted Salary: RF 60,000
- Taxable Income: RF 640,000
- PAYE Tax: RF 156,000
- RSSB Pension (6%): RF 42,000
- RSSB Maternity (0.3%): RF 1,500
- RAMA (7.5%): RF 37,500
- NET before CBHI: RF 463,000
- CBHI (0.5%): RF 2,315
- NET Salary: RF 460,685
- Employer Contributions: RF 91,000
- Total Cost of Employment: RF 791,000

Verification:
Γ£ô Gross Salary: Expected 700000, Got 700000
Γ£ô Taxable Income: Expected 640000, Got 640000
Γ£ù PAYE Tax: Expected 236000, Got 156000
Γ£ô RSSB Pension: Expected 42000, Got 42000
Γ£ô RSSB Maternity: Expected 1500, Got 1500
Γ£ô RAMA: Expected 37500, Got 37500
Γ£ù NET before CBHI: Expected 383000, Got 463000
Γ£ù CBHI: Expected 1915, Got 2315
Γ£ù NET Salary: Expected 381085, Got 460685
Γ£ô Employer Contributions: Expected 91000, Got 91000
Γ£ô Total Cost of Employment: Expected 791000, Got 791000

Γ£ù SOME TESTS FAILED!
